IP        PORT   POD          VERSION   SERVICE
1.2.3.4   8080   emoji-svc    1234      emoji-svc.emojivoto
1.2.3.4   8080   voting-svc   1234      voting-svc.emojivoto
