apiVersion: apps/v1beta1
kind: Deployment
metadata:
  creationTimestamp: null
  name: web
  namespace: emojivoto
spec:
  replicas: 1
  selector:
    matchLabels:
      app: web-svc
  strategy: {}
  template:
    metadata:
      annotations:
        linkerd.io/created-by: linkerd/cli dev-undefined
        linkerd.io/proxy-version: testinjectversion
      creationTimestamp: null
      labels:
        app: web-svc
        linkerd.io/control-plane-ns: linkerd
        linkerd.io/proxy-deployment: web
    spec:
      containers:
      - env:
        - name: WEB_PORT
          value: "80"
        - name: EMOJISVC_HOST
          value: emoji-svc.emojivoto:8080
        - name: VOTINGSVC_HOST
          value: voting-svc.emojivoto:8080
        - name: INDEX_BUNDLE
          value: dist/index_bundle.js
        image: buoyantio/emojivoto-web:v3
        name: web-svc
        ports:
        - containerPort: 80
          name: http
        resources: {}
      - env:
        - name: LINKERD2_PROXY_LOG
          value: warn,linkerd2_proxy=info
        - name: LINKERD2_PROXY_CONTROL_URL
          value: tcp://linkerd-proxy-api.linkerd.svc.cluster.local:8086
        - name: LINKERD2_PROXY_CONTROL_LISTENER
          value: tcp://0.0.0.0:4190
        - name: LINKERD2_PROXY_METRICS_LISTENER
          value: tcp://0.0.0.0:4191
        - name: LINKERD2_PROXY_OUTBOUND_LISTENER
          value: tcp://127.0.0.1:4140
        - name: LINKERD2_PROXY_INBOUND_LISTENER
          value: tcp://0.0.0.0:4143
        - name: LINKERD2_PROXY_DESTINATION_PROFILE_SUFFIXES
          value: .
        - name: LINKERD2_PROXY_POD_NAMESPACE
          valueFrom:
            fieldRef:
              fieldPath: metadata.namespace
        - name: LINKERD2_PROXY_INBOUND_ACCEPT_KEEPALIVE
          value: 10000ms
        - name: LINKERD2_PROXY_OUTBOUND_CONNECT_KEEPALIVE
          value: 10000ms
        - name: LINKERD2_PROXY_ID
          value: web.deployment.$LINKERD2_PROXY_POD_NAMESPACE.linkerd-managed.linkerd.svc.cluster.local
        image: gcr.io/linkerd-io/proxy:testinjectversion
        imagePullPolicy: IfNotPresent
        livenessProbe:
          httpGet:
            path: /metrics
            port: 4191
          initialDelaySeconds: 10
        name: linkerd-proxy
        ports:
        - containerPort: 4143
          name: linkerd-proxy
        - containerPort: 4191
          name: linkerd-metrics
        readinessProbe:
          httpGet:
            path: /metrics
            port: 4191
          initialDelaySeconds: 10
        resources: {}
        securityContext:
          runAsUser: 2102
        terminationMessagePolicy: FallbackToLogsOnError
status: {}
---
