[
  {
    "namespace": "emojivoto1",
    "kind": "namespace",
    "name": "emoji",
    "meshed": "1/2",
    "success": 1,
    "rps": 2.05,
    "latency_ms_p50": 123,
    "latency_ms_p95": 123,
    "latency_ms_p99": 123,
    "tls": 1
  },
  {
    "namespace": "emojivoto2",
    "kind": "namespace",
    "name": "emoji",
    "meshed": "1/2",
    "success": 1,
    "rps": 2.05,
    "latency_ms_p50": 123,
    "latency_ms_p95": 123,
    "latency_ms_p99": 123,
    "tls": 1
  }
]
