NAMESPACE    NAME    MESHED   SUCCESS      RPS   LATENCY_P50   LATENCY_P95   LATENCY_P99    TLS
emojivoto1   emoji      1/2   100.00%   2.0rps         123ms         123ms         123ms   100%
emojivoto2   emoji      1/2   100.00%   2.0rps         123ms         123ms         123ms   100%
