apiVersion: apps/v1
kind: Deployment
metadata:
  creationTimestamp: null
  name: redis
spec:
  selector:
    matchLabels:
      app: redis
  strategy: {}
  template:
    metadata:
      annotations:
        linkerd.io/created-by: linkerd/cli dev-undefined
        linkerd.io/proxy-version: dev-undefined
      creationTimestamp: null
      labels:
        app: redis
        linkerd.io/control-plane-ns: linkerd
        linkerd.io/proxy-deployment: redis
    spec:
      containers:
      - image: redis
        name: redis
        ports:
        - containerPort: 6379
          name: server
        resources: {}
      - env:
        - name: LINKERD2_PROXY_LOG
          value: warn,linkerd2_proxy=info
        - name: LINKERD2_PROXY_CONTROL_URL
          value: tcp://linkerd-proxy-api.linkerd.svc.cluster.local:8086
        - name: LINKERD2_PROXY_CONTROL_LISTENER
          value: tcp://0.0.0.0:4190
        - name: LINKERD2_PROXY_METRICS_LISTENER
          value: tcp://0.0.0.0:4191
        - name: LINKERD2_PROXY_OUTBOUND_LISTENER
          value: tcp://127.0.0.1:4140
        - name: LINKERD2_PROXY_INBOUND_LISTENER
          value: tcp://0.0.0.0:4143
        - name: LINKERD2_PROXY_DESTINATION_PROFILE_SUFFIXES
          value: .
        - name: LINKERD2_PROXY_POD_NAMESPACE
          valueFrom:
            fieldRef:
              fieldPath: metadata.namespace
        - name: LINKERD2_PROXY_INBOUND_ACCEPT_KEEPALIVE
          value: 10000ms
        - name: LINKERD2_PROXY_OUTBOUND_CONNECT_KEEPALIVE
          value: 10000ms
        - name: LINKERD2_PROXY_ID
          value: redis.deployment.$LINKERD2_PROXY_POD_NAMESPACE.linkerd-managed.linkerd.svc.cluster.local
        image: gcr.io/linkerd-io/proxy:dev-undefined
        imagePullPolicy: IfNotPresent
        livenessProbe:
          httpGet:
            path: /metrics
            port: 4191
          initialDelaySeconds: 10
        name: linkerd-proxy
        ports:
        - containerPort: 4143
          name: linkerd-proxy
        - containerPort: 4191
          name: linkerd-metrics
        readinessProbe:
          httpGet:
            path: /metrics
            port: 4191
          initialDelaySeconds: 10
        resources: {}
        securityContext:
          runAsUser: 2102
        terminationMessagePolicy: FallbackToLogsOnError
      initContainers:
      - args:
        - --incoming-proxy-port
        - "4143"
        - --outgoing-proxy-port
        - "4140"
        - --proxy-uid
        - "2102"
        - --inbound-ports-to-ignore
        - 4190,4191
        image: gcr.io/linkerd-io/proxy-init:dev-undefined
        imagePullPolicy: IfNotPresent
        name: linkerd-init
        resources: {}
        securityContext:
          capabilities:
            add:
            - NET_ADMIN
          privileged: false
          runAsNonRoot: false
          runAsUser: 0
        terminationMessagePolicy: FallbackToLogsOnError
status: {}
---
